chat frame ChatId(1) error: chat item: CallChatUpdate.chatUpdate is a oneof but is empty